Archive member included to satisfy reference by file (symbol)

/Applications/STM32CubeIDE.app/Contents/Eclipse/plugins/com.st.stm32cube.ide.mcu.externaltools.gnu-tools-for-stm32.13.3.rel1.macos64_1.0.0.202411102158/tools/bin/../lib/gcc/arm-none-eabi/13.3.1/../../../../arm-none-eabi/lib/thumb/v7e-m+fp/hard/libc_nano.a(libc_a-exit.o)
                              /Applications/STM32CubeIDE.app/Contents/Eclipse/plugins/com.st.stm32cube.ide.mcu.externaltools.gnu-tools-for-stm32.13.3.rel1.macos64_1.0.0.202411102158/tools/bin/../lib/gcc/arm-none-eabi/13.3.1/../../../../arm-none-eabi/lib/thumb/v7e-m+fp/hard/crt0.o (exit)
/Applications/STM32CubeIDE.app/Contents/Eclipse/plugins/com.st.stm32cube.ide.mcu.externaltools.gnu-tools-for-stm32.13.3.rel1.macos64_1.0.0.202411102158/tools/bin/../lib/gcc/arm-none-eabi/13.3.1/../../../../arm-none-eabi/lib/thumb/v7e-m+fp/hard/libc_nano.a(libc_a-findfp.o)
                              /Applications/STM32CubeIDE.app/Contents/Eclipse/plugins/com.st.stm32cube.ide.mcu.externaltools.gnu-tools-for-stm32.13.3.rel1.macos64_1.0.0.202411102158/tools/bin/../lib/gcc/arm-none-eabi/13.3.1/../../../../arm-none-eabi/lib/thumb/v7e-m+fp/hard/libc_nano.a(libc_a-exit.o) (__stdio_exit_handler)
/Applications/STM32CubeIDE.app/Contents/Eclipse/plugins/com.st.stm32cube.ide.mcu.externaltools.gnu-tools-for-stm32.13.3.rel1.macos64_1.0.0.202411102158/tools/bin/../lib/gcc/arm-none-eabi/13.3.1/../../../../arm-none-eabi/lib/thumb/v7e-m+fp/hard/libc_nano.a(libc_a-fwalk.o)
                              /Applications/STM32CubeIDE.app/Contents/Eclipse/plugins/com.st.stm32cube.ide.mcu.externaltools.gnu-tools-for-stm32.13.3.rel1.macos64_1.0.0.202411102158/tools/bin/../lib/gcc/arm-none-eabi/13.3.1/../../../../arm-none-eabi/lib/thumb/v7e-m+fp/hard/libc_nano.a(libc_a-findfp.o) (_fwalk_sglue)
/Applications/STM32CubeIDE.app/Contents/Eclipse/plugins/com.st.stm32cube.ide.mcu.externaltools.gnu-tools-for-stm32.13.3.rel1.macos64_1.0.0.202411102158/tools/bin/../lib/gcc/arm-none-eabi/13.3.1/../../../../arm-none-eabi/lib/thumb/v7e-m+fp/hard/libc_nano.a(libc_a-memset.o)
                              /Applications/STM32CubeIDE.app/Contents/Eclipse/plugins/com.st.stm32cube.ide.mcu.externaltools.gnu-tools-for-stm32.13.3.rel1.macos64_1.0.0.202411102158/tools/bin/../lib/gcc/arm-none-eabi/13.3.1/../../../../arm-none-eabi/lib/thumb/v7e-m+fp/hard/crt0.o (memset)
/Applications/STM32CubeIDE.app/Contents/Eclipse/plugins/com.st.stm32cube.ide.mcu.externaltools.gnu-tools-for-stm32.13.3.rel1.macos64_1.0.0.202411102158/tools/bin/../lib/gcc/arm-none-eabi/13.3.1/../../../../arm-none-eabi/lib/thumb/v7e-m+fp/hard/libc_nano.a(libc_a-errno.o)
                              ./Core/Src/syscalls.o (__errno)
/Applications/STM32CubeIDE.app/Contents/Eclipse/plugins/com.st.stm32cube.ide.mcu.externaltools.gnu-tools-for-stm32.13.3.rel1.macos64_1.0.0.202411102158/tools/bin/../lib/gcc/arm-none-eabi/13.3.1/../../../../arm-none-eabi/lib/thumb/v7e-m+fp/hard/libc_nano.a(libc_a-init.o)
                              /Applications/STM32CubeIDE.app/Contents/Eclipse/plugins/com.st.stm32cube.ide.mcu.externaltools.gnu-tools-for-stm32.13.3.rel1.macos64_1.0.0.202411102158/tools/bin/../lib/gcc/arm-none-eabi/13.3.1/../../../../arm-none-eabi/lib/thumb/v7e-m+fp/hard/crt0.o (__libc_init_array)
/Applications/STM32CubeIDE.app/Contents/Eclipse/plugins/com.st.stm32cube.ide.mcu.externaltools.gnu-tools-for-stm32.13.3.rel1.macos64_1.0.0.202411102158/tools/bin/../lib/gcc/arm-none-eabi/13.3.1/../../../../arm-none-eabi/lib/thumb/v7e-m+fp/hard/libc_nano.a(libc_a-lock.o)
                              /Applications/STM32CubeIDE.app/Contents/Eclipse/plugins/com.st.stm32cube.ide.mcu.externaltools.gnu-tools-for-stm32.13.3.rel1.macos64_1.0.0.202411102158/tools/bin/../lib/gcc/arm-none-eabi/13.3.1/../../../../arm-none-eabi/lib/thumb/v7e-m+fp/hard/libc_nano.a(libc_a-findfp.o) (__retarget_lock_init_recursive)
/Applications/STM32CubeIDE.app/Contents/Eclipse/plugins/com.st.stm32cube.ide.mcu.externaltools.gnu-tools-for-stm32.13.3.rel1.macos64_1.0.0.202411102158/tools/bin/../lib/gcc/arm-none-eabi/13.3.1/../../../../arm-none-eabi/lib/thumb/v7e-m+fp/hard/libc_nano.a(libc_a-impure.o)
                              /Applications/STM32CubeIDE.app/Contents/Eclipse/plugins/com.st.stm32cube.ide.mcu.externaltools.gnu-tools-for-stm32.13.3.rel1.macos64_1.0.0.202411102158/tools/bin/../lib/gcc/arm-none-eabi/13.3.1/../../../../arm-none-eabi/lib/thumb/v7e-m+fp/hard/libc_nano.a(libc_a-errno.o) (_impure_ptr)
/Applications/STM32CubeIDE.app/Contents/Eclipse/plugins/com.st.stm32cube.ide.mcu.externaltools.gnu-tools-for-stm32.13.3.rel1.macos64_1.0.0.202411102158/tools/bin/../lib/gcc/arm-none-eabi/13.3.1/../../../../arm-none-eabi/lib/thumb/v7e-m+fp/hard/libc_nano.a(libc_a-mallocr.o)
[...]
Memory Configuration

Name             Origin             Length             Attributes
RAM              0x20000000         0x00020000         xrw
FLASH            0x08000000         0x00080000         xr
*default*        0x00000000         0xffffffff

Linker script and memory map

LOAD /Applications/STM32CubeIDE.app/Contents/Eclipse/plugins/com.st.stm32cube.ide.mcu.externaltools.gnu-tools-for-stm32.13.3.rel1.macos64_1.0.0.202411102158/tools/bin/../lib/gcc/arm-none-eabi/13.3.1/thumb/v7e-m+fp/hard/crti.o
LOAD /Applications/STM32CubeIDE.app/Contents/Eclipse/plugins/com.st.stm32cube.ide.mcu.externaltools.gnu-tools-for-stm32.13.3.rel1.macos64_1.0.0.202411102158/tools/bin/../lib/gcc/arm-none-eabi/13.3.1/thumb/v7e-m+fp/hard/crtbegin.o
LOAD /Applications/STM32CubeIDE.app/Contents/Eclipse/plugins/com.st.stm32cube.ide.mcu.externaltools.gnu-tools-for-stm32.13.3.rel1.macos64_1.0.0.202411102158/tools/bin/../lib/gcc/arm-none-eabi/13.3.1/../../../../arm-none-eabi/lib/thumb/v7e-m+fp/hard/crt0.o
LOAD ./Core/Src/controller.o
LOAD ./Core/Src/encoders.o
LOAD ./Core/Src/main.o
LOAD ./Core/Src/motors.o
LOAD ./Core/Src/pid.o
LOAD ./Core/Src/stm32f4xx_hal_msp.o
LOAD ./Core/Src/stm32f4xx_it.o
LOAD ./Core/Src/syscalls.o
LOAD ./Core/Src/sysmem.o
LOAD ./Core/Src/system_stm32f4xx.o
LOAD ./Core/Src/systick.o
LOAD ./Core/Startup/startup_stm32f411retx.o
LOAD ./Drivers/STM32F4xx_HAL_Driver/Src/stm32f4xx_hal.o
LOAD ./Drivers/STM32F4xx_HAL_Driver/Src/stm32f4xx_hal_cortex.o
LOAD ./Drivers/STM32F4xx_HAL_Driver/Src/stm32f4xx_hal_dma.o
LOAD ./Drivers/STM32F4xx_HAL_Driver/Src/stm32f4xx_hal_dma_ex.o
LOAD ./Drivers/STM32F4xx_HAL_Driver/Src/stm32f4xx_hal_exti.o
LOAD ./Drivers/STM32F4xx_HAL_Driver/Src/stm32f4xx_hal_flash.o
LOAD ./Drivers/STM32F4xx_HAL_Driver/Src/stm32f4xx_hal_flash_ex.o
LOAD ./Drivers/STM32F4xx_HAL_Driver/Src/stm32f4xx_hal_flash_ramfunc.o
LOAD ./Drivers/STM32F4xx_HAL_Driver/Src/stm32f4xx_hal_gpio.o
LOAD ./Drivers/STM32F4xx_HAL_Driver/Src/stm32f4xx_hal_pwr.o
LOAD ./Drivers/STM32F4xx_HAL_Driver/Src/stm32f4xx_hal_pwr_ex.o
LOAD ./Drivers/STM32F4xx_HAL_Driver/Src/stm32f4xx_hal_rcc.o
LOAD ./Drivers/STM32F4xx_HAL_Driver/Src/stm32f4xx_hal_rcc_ex.o
LOAD ./Drivers/STM32F4xx_HAL_Driver/Src/stm32f4xx_hal_tim.o
LOAD ./Drivers/STM32F4xx_HAL_Driver/Src/stm32f4xx_hal_tim_ex.o
LOAD ./Drivers/STM32F4xx_HAL_Driver/Src/stm32f4xx_hal_uart.o
START GROUP
LOAD /Applications/STM32CubeIDE.app/Contents/Eclipse/plugins/com.st.stm32cube.ide.mcu.externaltools.gnu-tools-for-stm32.13.3.rel1.macos64_1.0.0.202411102158/tools/bin/../lib/gcc/arm-none-eabi/13.3.1/../../../../arm-none-eabi/lib/thumb/v7e-m+fp/hard/libc_nano.a
LOAD /Applications/STM32CubeIDE.app/Contents/Eclipse/plugins/com.st.stm32cube.ide.mcu.externaltools.gnu-tools-for-stm32.13.3.rel1.macos64_1.0.0.202411102158/tools/bin/../lib/gcc/arm-none-eabi/13.3.1/../../../../arm-none-eabi/lib/thumb/v7e-m+fp/hard/libm.a
END GROUP
START GROUP
LOAD /Applications/STM32CubeIDE.app/Contents/Eclipse/plugins/com.st.stm32cube.ide.mcu.externaltools.gnu-tools-for-stm32.13.3.rel1.macos64_1.0.0.202411102158/tools/bin/../lib/gcc/arm-none-eabi/13.3.1/thumb/v7e-m+fp/hard/libgcc.a
LOAD /Applications/STM32CubeIDE.app/Contents/Eclipse/plugins/com.st.stm32cube.ide.mcu.externaltools.gnu-tools-for-stm32.13.3.rel1.macos64_1.0.0.202411102158/tools/bin/../lib/gcc/arm-none-eabi/13.3.1/../../../../arm-none-eabi/lib/thumb/v7e-m+fp/hard/libc_nano.a
END GROUP
START GROUP
LOAD /Applications/STM32CubeIDE.app/Contents/Eclipse/plugins/com.st.stm32cube.ide.mcu.externaltools.gnu-tools-for-stm32.13.3.rel1.macos64_1.0.0.202411102158/tools/bin/../lib/gcc/arm-none-eabi/13.3.1/thumb/v7e-m+fp/hard/libgcc.a
LOAD /Applications/STM32CubeIDE.app/Contents/Eclipse/plugins/com.st.stm32cube.ide.mcu.externaltools.gnu-tools-for-stm32.13.3.rel1.macos64_1.0.0.202411102158/tools/bin/../lib/gcc/arm-none-eabi/13.3.1/../../../../arm-none-eabi/lib/thumb/v7e-m+fp/hard/libc_nano.a
LOAD /Applications/STM32CubeIDE.app/Contents/Eclipse/plugins/com.st.stm32cube.ide.mcu.externaltools.gnu-tools-for-stm32.13.3.rel1.macos64_1.0.0.202411102158/tools/bin/../lib/gcc/arm-none-eabi/13.3.1/../../../../arm-none-eabi/lib/thumb/v7e-m+fp/hard/libnosys.a
END GROUP
START GROUP
LOAD /Applications/STM32CubeIDE.app/Contents/Eclipse/plugins/com.st.stm32cube.ide.mcu.externaltools.gnu-tools-for-stm32.13.3.rel1.macos64_1.0.0.202411102158/tools/bin/../lib/gcc/arm-none-eabi/13.3.1/thumb/v7e-m+fp/hard/libgcc.a
LOAD /Applications/STM32CubeIDE.app/Contents/Eclipse/plugins/com.st.stm32cube.ide.mcu.externaltools.gnu-tools-for-stm32.13.3.rel1.macos64_1.0.0.202411102158/tools/bin/../lib/gcc/arm-none-eabi/13.3.1/../../../../arm-none-eabi/lib/thumb/v7e-m+fp/hard/libc_nano.a
LOAD /Applications/STM32CubeIDE.app/Contents/Eclipse/plugins/com.st.stm32cube.ide.mcu.externaltools.gnu-tools-for-stm32.13.3.rel1.macos64_1.0.0.202411102158/tools/bin/../lib/gcc/arm-none-eabi/13.3.1/../../../../arm-none-eabi/lib/thumb/v7e-m+fp/hard/libnosys.a
END GROUP
LOAD /Applications/STM32CubeIDE.app/Contents/Eclipse/plugins/com.st.stm32cube.ide.mcu.externaltools.gnu-tools-for-stm32.13.3.rel1.macos64_1.0.0.202411102158/tools/bin/../lib/gcc/arm-none-eabi/13.3.1/thumb/v7e-m+fp/hard/crtend.o
LOAD /Applications/STM32CubeIDE.app/Contents/Eclipse/plugins/com.st.stm32cube.ide.mcu.externaltools.gnu-tools-for-stm32.13.3.rel1.macos64_1.0.0.202411102158/tools/bin/../lib/gcc/arm-none-eabi/13.3.1/thumb/v7e-m+fp/hard/crtn.o
                0x20020000                        _estack = (ORIGIN (RAM) + LENGTH (RAM))
                0x00000200                        _Min_Heap_Size = 0x200
                0x00000400                        _Min_Stack_Size = 0x400

.isr_vector     0x08000000      0x198
                0x08000000                        . = ALIGN (0x4)
 *(.isr_vector)
 .isr_vector    0x08000000      0x198 ./Core/Startup/startup_stm32f411retx.o
                0x08000000                g_pfnVectors
                0x08000198                        . = ALIGN (0x4)

.text           0x08000198     0x394c
                0x08000198                        . = ALIGN (0x4)
 *(.text)
 .text          0x08000198       0x40 /Applications/STM32CubeIDE.app/Contents/Eclipse/plugins/com.st.stm32cube.ide.mcu.externaltools.gnu-tools-for-stm32.13.3.rel1.macos64_1.0.0.202411102158/tools/bin/../lib/gcc/arm-none-eabi/13.3.1/thumb/v7e-m+fp/hard/crtbegin.o
 .text          0x080001d8      0x378 /Applications/STM32CubeIDE.app/Contents/Eclipse/plugins/com.st.stm32cube.ide.mcu.externaltools.gnu-tools-for-stm32.13.3.rel1.macos64_1.0.0.202411102158/tools/bin/../lib/gcc/arm-none-eabi/13.3.1/thumb/v7e-m+fp/hard/libgcc.a(_arm_addsubdf3.o)
                0x080001d8                __aeabi_drsub
                0x080001e0                __subdf3
                0x080001e0                __aeabi_dsub
                0x080001e4                __aeabi_dadd
                0x080001e4                __adddf3
                0x0800045c                __aeabi_ui2d
                0x0800045c                __floatunsidf
                0x0800047c                __floatsidf
                0x0800047c                __aeabi_i2d
                0x080004a0                __extendsfdf2
                0x080004a0                __aeabi_f2d
                0x080004e4                __aeabi_ul2d
                0x080004e4                __floatundidf
                0x080004f4                __aeabi_l2d
                0x080004f4                __floatdidf
 .text          0x08000550      0x110 /Applications/STM32CubeIDE.app/Contents/Eclipse/plugins/com.st.stm32cube.ide.mcu.externaltools.gnu-tools-for-stm32.13.3.rel1.macos64_1.0.0.202411102158/tools/bin/../lib/gcc/arm-none-eabi/13.3.1/thumb/v7e-m+fp/hard/libgcc.a(_arm_cmpdf2.o)
                0x08000550                __gedf2
                0x08000550                __gtdf2
                0x08000558                __ledf2
                0x08000558                __ltdf2
                0x08000560                __cmpdf2
                0x08000560                __eqdf2
                0x08000560                __nedf2
                0x080005dc                __aeabi_cdrcmple
                0x080005ec                __aeabi_cdcmple
                0x080005ec                __aeabi_cdcmpeq
                0x080005fc                __aeabi_dcmpeq
                0x08000610                __aeabi_dcmplt
                0x08000624                __aeabi_dcmple
                0x08000638                __aeabi_dcmpge
                0x0800064c                __aeabi_dcmpgt
 .text          0x08000660       0x30 /Applications/STM32CubeIDE.app/Contents/Eclipse/plugins/com.st.stm32cube.ide.mcu.externaltools.gnu-tools-for-stm32.13.3.rel1.macos64_1.0.0.202411102158/tools/bin/../lib/gcc/arm-none-eabi/13.3.1/thumb/v7e-m+fp/hard/libgcc.a(_aeabi_uldivmod.o)
                0x08000660                __aeabi_uldivmod
 .text          0x08000690      0x2f8 /Applications/STM32CubeIDE.app/Contents/Eclipse/plugins/com.st.stm32cube.ide.mcu.externaltools.gnu-tools-for-stm32.13.3.rel1.macos64_1.0.0.202411102158/tools/bin/../lib/gcc/arm-none-eabi/13.3.1/thumb/v7e-m+fp/hard/libgcc.a(_udivmoddi4.o)
                0x08000690                __udivmoddi4
 .text          0x08000988        0x4 /Applications/STM32CubeIDE.app/Contents/Eclipse/plugins/com.st.stm32cube.ide.mcu.externaltools.gnu-tools-for-stm32.13.3.rel1.macos64_1.0.0.202411102158/tools/bin/../lib/gcc/arm-none-eabi/13.3.1/thumb/v7e-m+fp/hard/libgcc.a(_dvmd_tls.o)
                0x08000988                __aeabi_ldiv0
                0x08000988                __aeabi_idiv0
 *(.text*)
 .text.move     0x0800098c       0x4c ./Core/Src/controller.o
                0x0800098c                move
 .text.turn     0x080009d8       0x4c ./Core/Src/controller.o
                0x080009d8                turn
 .text.getRightEncoderCounts
                0x08000a24       0x1c ./Core/Src/encoders.o
                0x08000a24                getRightEncoderCounts
 .text.getLeftEncoderCounts
                0x08000a40       0x20 ./Core/Src/encoders.o
                0x08000a40                getLeftEncoderCounts
 .text.resetEncoders
                0x08000a60       0x20 ./Core/Src/encoders.o
                0x08000a60                resetEncoders
 .text.main     0x08000a80       0xa8 ./Core/Src/main.o
                0x08000a80                main
 .text.SystemClock_Config
                0x08000b28       0xd4 ./Core/Src/main.o
                0x08000b28                SystemClock_Config
 .text.MX_TIM1_Init
                0x08000bfc       0xb0 ./Core/Src/main.o
 .text.MX_TIM2_Init
                0x08000cac       0xa8 ./Core/Src/main.o
 .text.MX_TIM4_Init
                0x08000d54       0xf4 ./Core/Src/main.o
 .text.MX_USART2_UART_Init
                0x08000e48       0x54 ./Core/Src/main.o
 .text.MX_GPIO_Init
                0x08000e9c       0xec ./Core/Src/main.o
 .text.Error_Handler
                0x08000f88        0xc ./Core/Src/main.o
                0x08000f88                Error_Handler
 *fill*         0x08000f94        0x4 
 .text.limitPWM
                0x08000f98       0x7c ./Core/Src/motors.o
                0x08000f98                limitPWM
 .text.setMotorLPWM
                0x08001014       0x78 ./Core/Src/motors.o
                0x08001014                setMotorLPWM
 .text.setMotorRPWM
                0x0800108c       0x78 ./Core/Src/motors.o
                0x0800108c                setMotorRPWM
 .text.resetPID
                0x08001104       0x58 ./Core/Src/pid.o
                0x08001104                resetPID
 .text.updatePID
                0x0800115c      0x1a8 ./Core/Src/pid.o
                0x0800115c                updatePID
 .text.setPIDGoalD
                0x08001304       0x24 ./Core/Src/pid.o
                0x08001304                setPIDGoalD
 .text.setPIDGoalA
                0x08001328       0x24 ./Core/Src/pid.o
                0x08001328                setPIDGoalA
 .text.PIDdone  0x0800134c       0x20 ./Core/Src/pid.o
                0x0800134c                PIDdone
 .text.HAL_MspInit
                0x0800136c       0x50 ./Core/Src/stm32f4xx_hal_msp.o
                0x0800136c                HAL_MspInit
 .text.HAL_TIM_Encoder_MspInit
                0x080013bc       0xf4 ./Core/Src/stm32f4xx_hal_msp.o
                0x080013bc                HAL_TIM_Encoder_MspInit
 .text.HAL_TIM_PWM_MspInit
                0x080014b0       0x50 ./Core/Src/stm32f4xx_hal_msp.o
                0x080014b0                HAL_TIM_PWM_MspInit
 .text.HAL_TIM_MspPostInit
                0x08001500       0x74 ./Core/Src/stm32f4xx_hal_msp.o
                0x08001500                HAL_TIM_MspPostInit
 .text.HAL_UART_MspInit
                0x08001574       0x90 ./Core/Src/stm32f4xx_hal_msp.o
                0x08001574                HAL_UART_MspInit
 .text.NMI_Handler
                0x08001604        0x8 ./Core/Src/stm32f4xx_it.o
                0x08001604                NMI_Handler
 .text.HardFault_Handler
                0x0800160c        0x8 ./Core/Src/stm32f4xx_it.o
                0x0800160c                HardFault_Handler
 .text.MemManage_Handler
                0x08001614        0x8 ./Core/Src/stm32f4xx_it.o
                0x08001614                MemManage_Handler
 .text.BusFault_Handler
                0x0800161c        0x8 ./Core/Src/stm32f4xx_it.o
                0x0800161c                BusFault_Handler
 .text.UsageFault_Handler
                0x08001624        0x8 ./Core/Src/stm32f4xx_it.o
                0x08001624                UsageFault_Handler
 .text.SVC_Handler
                0x0800162c        0xe ./Core/Src/stm32f4xx_it.o
                0x0800162c                SVC_Handler
 .text.DebugMon_Handler
                0x0800163a        0xe ./Core/Src/stm32f4xx_it.o
                0x0800163a                DebugMon_Handler
 .text.PendSV_Handler
                0x08001648        0xe ./Core/Src/stm32f4xx_it.o
                0x08001648                PendSV_Handler
 .text.SysTick_Handler
                0x08001656       0x10 ./Core/Src/stm32f4xx_it.o
                0x08001656                SysTick_Handler
 *fill*         0x08001666        0x2 
 .text.TIM4_IRQHandler
                0x08001668       0x14 ./Core/Src/stm32f4xx_it.o
                0x08001668                TIM4_IRQHandler
 .text.EXTI15_10_IRQHandler
                0x0800167c       0x10 ./Core/Src/stm32f4xx_it.o
                0x0800167c                EXTI15_10_IRQHandler
 .text.SystemInit
                0x0800168c       0x24 ./Core/Src/system_stm32f4xx.o
                0x0800168c                SystemInit
 .text.SysTickFunction
                0x080016b0       0x88 ./Core/Src/systick.o
                0x080016b0                SysTickFunction
 .text.Reset_Handler
                0x08001738       0x50 ./Core/Startup/startup_stm32f411retx.o
                0x08001738                Reset_Handler
 .text.Default_Handler
                0x08001788        0x2 ./Core/Startup/startup_stm32f411retx.o
                0x08001788                DMA1_Stream3_IRQHandler
                0x08001788                EXTI2_IRQHandler
                0x08001788                SPI4_IRQHandler
                0x08001788                TIM1_CC_IRQHandler
                0x08001788                DMA2_Stream5_IRQHandler
                0x08001788                DMA1_Stream5_IRQHandler
                0x08001788                PVD_IRQHandler
                0x08001788                SDIO_IRQHandler
                0x08001788                TAMP_STAMP_IRQHandler
                0x08001788                EXTI3_IRQHandler
                0x08001788                TIM1_UP_TIM10_IRQHandler
                0x08001788                I2C3_ER_IRQHandler
                0x08001788                EXTI0_IRQHandler
                0x08001788                I2C2_EV_IRQHandler
                0x08001788                DMA1_Stream2_IRQHandler
                0x08001788                FPU_IRQHandler
                0x08001788                DMA2_Stream2_IRQHandler
                0x08001788                SPI1_IRQHandler
                0x08001788                TIM1_BRK_TIM9_IRQHandler
                0x08001788                DMA2_Stream3_IRQHandler
                0x08001788                USART6_IRQHandler
                0x08001788                DMA2_Stream0_IRQHandler
                0x08001788                I2C1_EV_IRQHandler
                0x08001788                DMA1_Stream6_IRQHandler
                0x08001788                DMA1_Stream1_IRQHandler
                0x08001788                TIM3_IRQHandler
                0x08001788                RCC_IRQHandler
                0x08001788                Default_Handler
                0x08001788                ADC_IRQHandler
                0x08001788                DMA1_Stream7_IRQHandler
                0x08001788                SPI5_IRQHandler
                0x08001788                TIM5_IRQHandler
                0x08001788                DMA2_Stream7_IRQHandler
                0x08001788                I2C3_EV_IRQHandler
                0x08001788                EXTI9_5_IRQHandler
                0x08001788                RTC_WKUP_IRQHandler
                0x08001788                SPI2_IRQHandler
                0x08001788                DMA1_Stream0_IRQHandler
                0x08001788                EXTI4_IRQHandler
                0x08001788                WWDG_IRQHandler
                0x08001788                TIM2_IRQHandler
                0x08001788                OTG_FS_WKUP_IRQHandler
                0x08001788                TIM1_TRG_COM_TIM11_IRQHandler
                0x08001788                EXTI1_IRQHandler
                0x08001788                USART2_IRQHandler
                0x08001788                I2C2_ER_IRQHandler
                0x08001788                DMA2_Stream1_IRQHandler
                0x08001788                FLASH_IRQHandler
                0x08001788                DMA2_Stream4_IRQHandler
                0x08001788                USART1_IRQHandler
                0x08001788                OTG_FS_IRQHandler
                0x08001788                SPI3_IRQHandler
                0x08001788                DMA1_Stream4_IRQHandler
                0x08001788                I2C1_ER_IRQHandler
                0x08001788                DMA2_Stream6_IRQHandler
                0x08001788                RTC_Alarm_IRQHandler
 *fill*         0x0800178a        0x2 
 .text.HAL_Init
                0x0800178c       0x44 ./Drivers/STM32F4xx_HAL_Driver/Src/stm32f4xx_hal.o
                0x0800178c                HAL_Init
 .text.HAL_InitTick
                0x080017d0       0x60 ./Drivers/STM32F4xx_HAL_Driver/Src/stm32f4xx_hal.o
                0x080017d0                HAL_InitTick
 .text.HAL_IncTick
                0x08001830       0x28 ./Drivers/STM32F4xx_HAL_Driver/Src/stm32f4xx_hal.o
                0x08001830                HAL_IncTick
 .text.HAL_GetTick
                0x08001858       0x18 ./Drivers/STM32F4xx_HAL_Driver/Src/stm32f4xx_hal.o
                0x08001858                HAL_GetTick
 .text.__NVIC_SetPriorityGrouping
                0x08001870       0x48 ./Drivers/STM32F4xx_HAL_Driver/Src/stm32f4xx_hal_cortex.o
 .text.__NVIC_GetPriorityGrouping
                0x080018b8       0x1c ./Drivers/STM32F4xx_HAL_Driver/Src/stm32f4xx_hal_cortex.o
 .text.__NVIC_EnableIRQ
                0x080018d4       0x3c ./Drivers/STM32F4xx_HAL_Driver/Src/stm32f4xx_hal_cortex.o
 .text.__NVIC_SetPriority
                0x08001910       0x54 ./Drivers/STM32F4xx_HAL_Driver/Src/stm32f4xx_hal_cortex.o
 .text.NVIC_EncodePriority
                0x08001964       0x66 ./Drivers/STM32F4xx_HAL_Driver/Src/stm32f4xx_hal_cortex.o
 *fill*         0x080019ca        0x2 
 .text.SysTick_Config
                0x080019cc       0x44 ./Drivers/STM32F4xx_HAL_Driver/Src/stm32f4xx_hal_cortex.o
 .text.HAL_NVIC_SetPriorityGrouping
                0x08001a10       0x16 ./Drivers/STM32F4xx_HAL_Driver/Src/stm32f4xx_hal_cortex.o
                0x08001a10                HAL_NVIC_SetPriorityGrouping
 .text.HAL_NVIC_SetPriority
                0x08001a26       0x38 ./Drivers/STM32F4xx_HAL_Driver/Src/stm32f4xx_hal_cortex.o
                0x08001a26                HAL_NVIC_SetPriority
 .text.HAL_NVIC_EnableIRQ
                0x08001a5e       0x1c ./Drivers/STM32F4xx_HAL_Driver/Src/stm32f4xx_hal_cortex.o
                0x08001a5e                HAL_NVIC_EnableIRQ
 .text.HAL_SYSTICK_Config
                0x08001a7a       0x18 ./Drivers/STM32F4xx_HAL_Driver/Src/stm32f4xx_hal_cortex.o
                0x08001a7a                HAL_SYSTICK_Config
 *fill*         0x08001a92        0x2 
 .text.HAL_GPIO_Init
                0x08001a94      0x308 ./Drivers/STM32F4xx_HAL_Driver/Src/stm32f4xx_hal_gpio.o
                0x08001a94                HAL_GPIO_Init
 .text.HAL_GPIO_WritePin
                0x08001d9c       0x32 ./Drivers/STM32F4xx_HAL_Driver/Src/stm32f4xx_hal_gpio.o
                0x08001d9c                HAL_GPIO_WritePin
 *fill*         0x08001dce        0x2 
 .text.HAL_GPIO_EXTI_IRQHandler
                0x08001dd0       0x30 ./Drivers/STM32F4xx_HAL_Driver/Src/stm32f4xx_hal_gpio.o
                0x08001dd0                HAL_GPIO_EXTI_IRQHandler
 .text.HAL_GPIO_EXTI_Callback
                0x08001e00       0x16 ./Drivers/STM32F4xx_HAL_Driver/Src/stm32f4xx_hal_gpio.o
                0x08001e00                HAL_GPIO_EXTI_Callback
 *fill*         0x08001e16        0x2 
 .text.HAL_RCC_OscConfig
                0x08001e18      0x4f0 ./Drivers/STM32F4xx_HAL_Driver/Src/stm32f4xx_hal_rcc.o
                0x08001e18                HAL_RCC_OscConfig
 .text.HAL_RCC_ClockConfig
                0x08002308      0x1cc ./Drivers/STM32F4xx_HAL_Driver/Src/stm32f4xx_hal_rcc.o
                0x08002308                HAL_RCC_ClockConfig
 .text.HAL_RCC_GetSysClockFreq
                0x080024d4      0x20c ./Drivers/STM32F4xx_HAL_Driver/Src/stm32f4xx_hal_rcc.o
                0x080024d4                HAL_RCC_GetSysClockFreq
 .text.HAL_RCC_GetHCLKFreq
                0x080026e0       0x18 ./Drivers/STM32F4xx_HAL_Driver/Src/stm32f4xx_hal_rcc.o
                0x080026e0                HAL_RCC_GetHCLKFreq
 .text.HAL_RCC_GetPCLK1Freq
                0x080026f8       0x28 ./Drivers/STM32F4xx_HAL_Driver/Src/stm32f4xx_hal_rcc.o
                0x080026f8                HAL_RCC_GetPCLK1Freq
 .text.HAL_RCC_GetPCLK2Freq
                0x08002720       0x28 ./Drivers/STM32F4xx_HAL_Driver/Src/stm32f4xx_hal_rcc.o
                0x08002720                HAL_RCC_GetPCLK2Freq
 .text.HAL_TIM_PWM_Init
                0x08002748       0x9e ./Drivers/STM32F4xx_HAL_Driver/Src/stm32f4xx_hal_tim.o
                0x08002748                HAL_TIM_PWM_Init
 *fill*         0x080027e6        0x2 
 .text.HAL_TIM_PWM_Start
                0x080027e8      0x160 ./Drivers/STM32F4xx_HAL_Driver/Src/stm32f4xx_hal_tim.o
                0x080027e8                HAL_TIM_PWM_Start
 .text.HAL_TIM_Encoder_Init
                0x08002948      0x14c ./Drivers/STM32F4xx_HAL_Driver/Src/stm32f4xx_hal_tim.o
                0x08002948                HAL_TIM_Encoder_Init
 .text.HAL_TIM_Encoder_Start
                0x08002a94      0x11c ./Drivers/STM32F4xx_HAL_Driver/Src/stm32f4xx_hal_tim.o
                0x08002a94                HAL_TIM_Encoder_Start
 .text.HAL_TIM_IRQHandler
                0x08002bb0      0x1e0 ./Drivers/STM32F4xx_HAL_Driver/Src/stm32f4xx_hal_tim.o
                0x08002bb0                HAL_TIM_IRQHandler
 .text.HAL_TIM_PWM_ConfigChannel
                0x08002d90      0x184 ./Drivers/STM32F4xx_HAL_Driver/Src/stm32f4xx_hal_tim.o
                0x08002d90                HAL_TIM_PWM_ConfigChannel
 .text.HAL_TIM_PeriodElapsedCallback
                0x08002f14       0x14 ./Drivers/STM32F4xx_HAL_Driver/Src/stm32f4xx_hal_tim.o
                0x08002f14                HAL_TIM_PeriodElapsedCallback
 .text.HAL_TIM_OC_DelayElapsedCallback
                0x08002f28       0x14 ./Drivers/STM32F4xx_HAL_Driver/Src/stm32f4xx_hal_tim.o
                0x08002f28                HAL_TIM_OC_DelayElapsedCallback
 .text.HAL_TIM_IC_CaptureCallback
                0x08002f3c       0x14 ./Drivers/STM32F4xx_HAL_Driver/Src/stm32f4xx_hal_tim.o
                0x08002f3c                HAL_TIM_IC_CaptureCallback
 .text.HAL_TIM_PWM_PulseFinishedCallback
                0x08002f50       0x14 ./Drivers/STM32F4xx_HAL_Driver/Src/stm32f4xx_hal_tim.o
                0x08002f50                HAL_TIM_PWM_PulseFinishedCallback
 .text.HAL_TIM_TriggerCallback
                0x08002f64       0x14 ./Drivers/STM32F4xx_HAL_Driver/Src/stm32f4xx_hal_tim.o
                0x08002f64                HAL_TIM_TriggerCallback
 .text.TIM_Base_SetConfig
                0x08002f78      0x10c ./Drivers/STM32F4xx_HAL_Driver/Src/stm32f4xx_hal_tim.o
                0x08002f78                TIM_Base_SetConfig
 .text.TIM_OC1_SetConfig
                0x08003084       0xcc ./Drivers/STM32F4xx_HAL_Driver/Src/stm32f4xx_hal_tim.o
 .text.TIM_OC2_SetConfig
                0x08003150       0xd8 ./Drivers/STM32F4xx_HAL_Driver/Src/stm32f4xx_hal_tim.o
                0x08003150                TIM_OC2_SetConfig
 .text.TIM_OC3_SetConfig
                0x08003228       0xd4 ./Drivers/STM32F4xx_HAL_Driver/Src/stm32f4xx_hal_tim.o
 .text.TIM_OC4_SetConfig
                0x080032fc       0xa0 ./Drivers/STM32F4xx_HAL_Driver/Src/stm32f4xx_hal_tim.o
 .text.TIM_CCxChannelCmd
                0x0800339c       0x4a ./Drivers/STM32F4xx_HAL_Driver/Src/stm32f4xx_hal_tim.o
                0x0800339c                TIM_CCxChannelCmd
 *fill*         0x080033e6        0x2 
 .text.HAL_TIMEx_MasterConfigSynchronization
                0x080033e8       0xdc ./Drivers/STM32F4xx_HAL_Driver/Src/stm32f4xx_hal_tim_ex.o
                0x080033e8                HAL_TIMEx_MasterConfigSynchronization
 .text.HAL_TIMEx_CommutCallback
                0x080034c4       0x14 ./Drivers/STM32F4xx_HAL_Driver/Src/stm32f4xx_hal_tim_ex.o
                0x080034c4                HAL_TIMEx_CommutCallback
 .text.HAL_TIMEx_BreakCallback
                0x080034d8       0x14 ./Drivers/STM32F4xx_HAL_Driver/Src/stm32f4xx_hal_tim_ex.o
                0x080034d8                HAL_TIMEx_BreakCallback
 .text.HAL_UART_Init
                0x080034ec       0xa0 ./Drivers/STM32F4xx_HAL_Driver/Src/stm32f4xx_hal_uart.o
                0x080034ec                HAL_UART_Init
 .text.UART_SetConfig
                0x0800358c      0x4e8 ./Drivers/STM32F4xx_HAL_Driver/Src/stm32f4xx_hal_uart.o
 .text.memset   0x08003a74       0x10 /Applications/STM32CubeIDE.app/Contents/Eclipse/plugins/com.st.stm32cube.ide.mcu.externaltools.gnu-tools-for-stm32.13.3.rel1.macos64_1.0.0.202411102158/tools/bin/../lib/gcc/arm-none-eabi/13.3.1/../../../../arm-none-eabi/lib/thumb/v7e-m+fp/hard/libc_nano.a(libc_a-memset.o)
                0x08003a74                memset
 .text.__libc_init_array
                0x08003a84       0x48 /Applications/STM32CubeIDE.app/Contents/Eclipse/plugins/com.st.stm32cube.ide.mcu.externaltools.gnu-tools-for-stm32.13.3.rel1.macos64_1.0.0.202411102158/tools/bin/../lib/gcc/arm-none-eabi/13.3.1/../../../../arm-none-eabi/lib/thumb/v7e-m+fp/hard/libc_nano.a(libc_a-init.o)
                0x08003a84                __libc_init_array
 *(.glue_7)
 .glue_7        0x08003acc        0x0 linker stubs
 *(.glue_7t)
 .glue_7t       0x08003acc        0x0 linker stubs
 *(.eh_frame)
 .eh_frame      0x08003acc        0x0 /Applications/STM32CubeIDE.app/Contents/Eclipse/plugins/com.st.stm32cube.ide.mcu.externaltools.gnu-tools-for-stm32.13.3.rel1.macos64_1.0.0.202411102158/tools/bin/../lib/gcc/arm-none-eabi/13.3.1/thumb/v7e-m+fp/hard/crtbegin.o
 *(.init)
 .init          0x08003acc        0x4 /Applications/STM32CubeIDE.app/Contents/Eclipse/plugins/com.st.stm32cube.ide.mcu.externaltools.gnu-tools-for-stm32.13.3.rel1.macos64_1.0.0.202411102158/tools/bin/../lib/gcc/arm-none-eabi/13.3.1/thumb/v7e-m+fp/hard/crti.o
                0x08003acc                _init
 .init          0x08003ad0        0x8 /Applications/STM32CubeIDE.app/Contents/Eclipse/plugins/com.st.stm32cube.ide.mcu.externaltools.gnu-tools-for-stm32.13.3.rel1.macos64_1.0.0.202411102158/tools/bin/../lib/gcc/arm-none-eabi/13.3.1/thumb/v7e-m+fp/hard/crtn.o
 *(.fini)
 .fini          0x08003ad8        0x4 /Applications/STM32CubeIDE.app/Contents/Eclipse/plugins/com.st.stm32cube.ide.mcu.externaltools.gnu-tools-for-stm32.13.3.rel1.macos64_1.0.0.202411102158/tools/bin/../lib/gcc/arm-none-eabi/13.3.1/thumb/v7e-m+fp/hard/crti.o
                0x08003ad8                _fini
 .fini          0x08003adc        0x8 /Applications/STM32CubeIDE.app/Contents/Eclipse/plugins/com.st.stm32cube.ide.mcu.externaltools.gnu-tools-for-stm32.13.3.rel1.macos64_1.0.0.202411102158/tools/bin/../lib/gcc/arm-none-eabi/13.3.1/thumb/v7e-m+fp/hard/crtn.o
                0x08003ae4                        . = ALIGN (0x4)
                0x08003ae4                        _etext = .

.vfp11_veneer   0x08003ae4        0x0
 .vfp11_veneer  0x08003ae4        0x0 linker stubs

.v4_bx          0x08003ae4        0x0
 .v4_bx         0x08003ae4        0x0 linker stubs

.iplt           0x08003ae4        0x0
 .iplt          0x08003ae4        0x0 /Applications/STM32CubeIDE.app/Contents/Eclipse/plugins/com.st.stm32cube.ide.mcu.externaltools.gnu-tools-for-stm32.13.3.rel1.macos64_1.0.0.202411102158/tools/bin/../lib/gcc/arm-none-eabi/13.3.1/thumb/v7e-m+fp/hard/crtbegin.o

.rodata         0x08003ae4       0x18
                0x08003ae4                        . = ALIGN (0x4)
 *(.rodata)
 *(.rodata*)
 .rodata.AHBPrescTable
                0x08003ae4       0x10 ./Core/Src/system_stm32f4xx.o
                0x08003ae4                AHBPrescTable
 .rodata.APBPrescTable
                0x08003af4        0x8 ./Core/Src/system_stm32f4xx.o
                0x08003af4                APBPrescTable
                0x08003afc                        . = ALIGN (0x4)

.ARM.extab      0x08003afc        0x0
                0x08003afc                        . = ALIGN (0x4)
 *(.ARM.extab* .gnu.linkonce.armextab.*)
                0x08003afc                        . = ALIGN (0x4)

.ARM            0x08003afc        0x8
                0x08003afc                        . = ALIGN (0x4)
                0x08003afc                        __exidx_start = .
 *(.ARM.exidx*)
 .ARM.exidx     0x08003afc        0x8 /Applications/STM32CubeIDE.app/Contents/Eclipse/plugins/com.st.stm32cube.ide.mcu.externaltools.gnu-tools-for-stm32.13.3.rel1.macos64_1.0.0.202411102158/tools/bin/../lib/gcc/arm-none-eabi/13.3.1/thumb/v7e-m+fp/hard/libgcc.a(_udivmoddi4.o)
                0x08003b04                        __exidx_end = .
                0x08003b04                        . = ALIGN (0x4)

.preinit_array  0x08003b04        0x0
                0x08003b04                        . = ALIGN (0x4)
                0x08003b04                        PROVIDE (__preinit_array_start = .)
 *(.preinit_array*)
                0x08003b04                        PROVIDE (__preinit_array_end = .)
                0x08003b04                        . = ALIGN (0x4)

.init_array     0x08003b04        0x4
                0x08003b04                        . = ALIGN (0x4)
                0x08003b04                        PROVIDE (__init_array_start = .)
 *(SORT_BY_NAME(.init_array.*))
 *(.init_array*)
 .init_array    0x08003b04        0x4 /Applications/STM32CubeIDE.app/Contents/Eclipse/plugins/com.st.stm32cube.ide.mcu.externaltools.gnu-tools-for-stm32.13.3.rel1.macos64_1.0.0.202411102158/tools/bin/../lib/gcc/arm-none-eabi/13.3.1/thumb/v7e-m+fp/hard/crtbegin.o
                0x08003b08                        PROVIDE (__init_array_end = .)
                0x08003b08                        . = ALIGN (0x4)

.fini_array     0x08003b08        0x4
                0x08003b08                        . = ALIGN (0x4)
                [!provide]                        PROVIDE (__fini_array_start = .)
 *(SORT_BY_NAME(.fini_array.*))
 *(.fini_array*)
 .fini_array    0x08003b08        0x4 /Applications/STM32CubeIDE.app/Contents/Eclipse/plugins/com.st.stm32cube.ide.mcu.externaltools.gnu-tools-for-stm32.13.3.rel1.macos64_1.0.0.202411102158/tools/bin/../lib/gcc/arm-none-eabi/13.3.1/thumb/v7e-m+fp/hard/crtbegin.o
                [!provide]                        PROVIDE (__fini_array_end = .)
                0x08003b0c                        . = ALIGN (0x4)
                0x08003b0c                        _sidata = LOADADDR (.data)

.rel.dyn        0x08003b0c        0x0
 .rel.iplt      0x08003b0c        0x0 /Applications/STM32CubeIDE.app/Contents/Eclipse/plugins/com.st.stm32cube.ide.mcu.externaltools.gnu-tools-for-stm32.13.3.rel1.macos64_1.0.0.202411102158/tools/bin/../lib/gcc/arm-none-eabi/13.3.1/thumb/v7e-m+fp/hard/crtbegin.o

.data           0x20000000        0xc load address 0x08003b0c
                0x20000000                        . = ALIGN (0x4)
                0x20000000                        _sdata = .
 *(.data)
 *(.data*)
 .data.SystemCoreClock
                0x20000000        0x4 ./Core/Src/system_stm32f4xx.o
                0x20000000                SystemCoreClock
 .data.uwTickPrio
                0x20000004        0x4 ./Drivers/STM32F4xx_HAL_Driver/Src/stm32f4xx_hal.o
                0x20000004                uwTickPrio
 .data.uwTickFreq
                0x20000008        0x1 ./Drivers/STM32F4xx_HAL_Driver/Src/stm32f4xx_hal.o
                0x20000008                uwTickFreq
 *(.RamFunc)
 *(.RamFunc*)
                0x2000000c                        . = ALIGN (0x4)
 *fill*         0x20000009        0x3 
                0x2000000c                        _edata = .

.igot.plt       0x2000000c        0x0 load address 0x08003b18
 .igot.plt      0x2000000c        0x0 /Applications/STM32CubeIDE.app/Contents/Eclipse/plugins/com.st.stm32cube.ide.mcu.externaltools.gnu-tools-for-stm32.13.3.rel1.macos64_1.0.0.202411102158/tools/bin/../lib/gcc/arm-none-eabi/13.3.1/thumb/v7e-m+fp/hard/crtbegin.o
                0x2000000c                        . = ALIGN (0x4)

.bss            0x2000000c      0x18c load address 0x08003b18
                0x2000000c                        _sbss = .
                0x2000000c                        __bss_start__ = _sbss
 *(.bss)
 .bss           0x2000000c       0x1c /Applications/STM32CubeIDE.app/Contents/Eclipse/plugins/com.st.stm32cube.ide.mcu.externaltools.gnu-tools-for-stm32.13.3.rel1.macos64_1.0.0.202411102158/tools/bin/../lib/gcc/arm-none-eabi/13.3.1/thumb/v7e-m+fp/hard/crtbegin.o
 *(.bss*)
 .bss.moveCount
                0x20000028        0x4 ./Core/Src/controller.o
                0x20000028                moveCount
 .bss.turnCount
                0x2000002c        0x4 ./Core/Src/controller.o
                0x2000002c                turnCount
 .bss.htim1     0x20000030       0x48 ./Core/Src/main.o
                0x20000030                htim1
 .bss.htim2     0x20000078       0x48 ./Core/Src/main.o
                0x20000078                htim2
 .bss.htim4     0x200000c0       0x48 ./Core/Src/main.o
                0x200000c0                htim4
 .bss.huart2    0x20000108       0x48 ./Core/Src/main.o
                0x20000108                huart2
 .bss.left_counts
                0x20000150        0x2 ./Core/Src/main.o
                0x20000150                left_counts
 .bss.right_counts
                0x20000152        0x2 ./Core/Src/main.o
                0x20000152                right_counts
 .bss.timerMain
                0x20000154        0x4 ./Core/Src/main.o
                0x20000154                timerMain
 .bss.angleError
                0x20000158        0x4 ./Core/Src/pid.o
                0x20000158                angleError
 .bss.oldAngleError
                0x2000015c        0x4 ./Core/Src/pid.o
                0x2000015c                oldAngleError
 .bss.distanceError
                0x20000160        0x4 ./Core/Src/pid.o
                0x20000160                distanceError
 .bss.oldDistanceError
                0x20000164        0x4 ./Core/Src/pid.o
                0x20000164                oldDistanceError
 .bss.right_enc
                0x20000168        0x4 ./Core/Src/pid.o
                0x20000168                right_enc
 .bss.left_enc  0x2000016c        0x4 ./Core/Src/pid.o
                0x2000016c                left_enc
 .bss.goalAngle
                0x20000170        0x4 ./Core/Src/pid.o
                0x20000170                goalAngle
 .bss.goalDistance
                0x20000174        0x4 ./Core/Src/pid.o
                0x20000174                goalDistance
 .bss.errorCounter
                0x20000178        0x4 ./Core/Src/pid.o
                0x20000178                errorCounter
 .bss.angleCorrection
                0x2000017c        0x4 ./Core/Src/pid.o
                0x2000017c                angleCorrection
 .bss.distanceCorrection
                0x20000180        0x4 ./Core/Src/pid.o
                0x20000180                distanceCorrection
 .bss.LPWM      0x20000184        0x4 ./Core/Src/pid.o
                0x20000184                LPWM
 .bss.RPWM      0x20000188        0x4 ./Core/Src/pid.o
                0x20000188                RPWM
 .bss.pidCount  0x2000018c        0x4 ./Core/Src/pid.o
                0x2000018c                pidCount
 .bss.sysCount  0x20000190        0x4 ./Core/Src/systick.o
                0x20000190                sysCount
 .bss.uwTick    0x20000194        0x4 ./Drivers/STM32F4xx_HAL_Driver/Src/stm32f4xx_hal.o
                0x20000194                uwTick
 *(COMMON)
                0x20000198                        . = ALIGN (0x4)
                0x20000198                        _ebss = .
                0x20000198                        __bss_end__ = _ebss

._user_heap_stack
                0x20000198      0x600 load address 0x08003b18
                0x20000198                        . = ALIGN (0x8)
                [!provide]                        PROVIDE (end = .)
                0x20000198                        PROVIDE (_end = .)
                0x20000398                        . = (. + _Min_Heap_Size)
 *fill*         0x20000198      0x200 
                0x20000798                        . = (. + _Min_Stack_Size)
 *fill*         0x20000398      0x400 
                0x20000798                        . = ALIGN (0x8)

/DISCARD/
 libc.a(*)
 libm.a(*)
 libgcc.a(*)

.ARM.attributes
                0x00000000       0x30
 *(.ARM.attributes)
 .ARM.attributes
                0x00000000       0x22 /Applications/STM32CubeIDE.app/Contents/Eclipse/plugins/com.st.stm32cube.ide.mcu.externaltools.gnu-tools-for-stm32.13.3.rel1.macos64_1.0.0.202411102158/tools/bin/../lib/gcc/arm-none-eabi/13.3.1/thumb/v7e-m+fp/hard/crti.o
 .ARM.attributes
                0x00000022       0x34 /Applications/STM32CubeIDE.app/Contents/Eclipse/plugins/com.st.stm32cube.ide.mcu.externaltools.gnu-tools-for-stm32.13.3.rel1.macos64_1.0.0.202411102158/tools/bin/../lib/gcc/arm-none-eabi/13.3.1/thumb/v7e-m+fp/hard/crtbegin.o
 .ARM.attributes
                0x00000056       0x34 ./Core/Src/controller.o
 .ARM.attributes
                0x0000008a       0x34 ./Core/Src/encoders.o
 .ARM.attributes
                0x000000be       0x34 ./Core/Src/main.o
 .ARM.attributes
                0x000000f2       0x34 ./Core/Src/motors.o
 .ARM.attributes
                0x00000126       0x34 ./Core/Src/pid.o
 .ARM.attributes
                0x0000015a       0x34 ./Core/Src/stm32f4xx_hal_msp.o
 .ARM.attributes
                0x0000018e       0x34 ./Core/Src/stm32f4xx_it.o
 .ARM.attributes
                0x000001c2       0x34 ./Core/Src/system_stm32f4xx.o
 .ARM.attributes
                0x000001f6       0x34 ./Core/Src/systick.o
 .ARM.attributes
                0x0000022a       0x21 ./Core/Startup/startup_stm32f411retx.o
 .ARM.attributes
                0x0000024b       0x34 ./Drivers/STM32F4xx_HAL_Driver/Src/stm32f4xx_hal.o
 .ARM.attributes
                0x0000027f       0x34 ./Drivers/STM32F4xx_HAL_Driver/Src/stm32f4xx_hal_cortex.o
 .ARM.attributes
                0x000002b3       0x34 ./Drivers/STM32F4xx_HAL_Driver/Src/stm32f4xx_hal_gpio.o
 .ARM.attributes
                0x000002e7       0x34 ./Drivers/STM32F4xx_HAL_Driver/Src/stm32f4xx_hal_rcc.o
 .ARM.attributes
                0x0000031b       0x34 ./Drivers/STM32F4xx_HAL_Driver/Src/stm32f4xx_hal_tim.o
 .ARM.attributes
                0x0000034f       0x34 ./Drivers/STM32F4xx_HAL_Driver/Src/stm32f4xx_hal_tim_ex.o
 .ARM.attributes
                0x00000383       0x34 ./Drivers/STM32F4xx_HAL_Driver/Src/stm32f4xx_hal_uart.o
 .ARM.attributes
                0x000003b7       0x34 /Applications/STM32CubeIDE.app/Contents/Eclipse/plugins/com.st.stm32cube.ide.mcu.externaltools.gnu-tools-for-stm32.13.3.rel1.macos64_1.0.0.202411102158/tools/bin/../lib/gcc/arm-none-eabi/13.3.1/../../../../arm-none-eabi/lib/thumb/v7e-m+fp/hard/libc_nano.a(libc_a-memset.o)
 .ARM.attributes
                0x000003eb       0x34 /Applications/STM32CubeIDE.app/Contents/Eclipse/plugins/com.st.stm32cube.ide.mcu.externaltools.gnu-tools-for-stm32.13.3.rel1.macos64_1.0.0.202411102158/tools/bin/../lib/gcc/arm-none-eabi/13.3.1/../../../../arm-none-eabi/lib/thumb/v7e-m+fp/hard/libc_nano.a(libc_a-init.o)
 .ARM.attributes
                0x0000041f       0x22 /Applications/STM32CubeIDE.app/Contents/Eclipse/plugins/com.st.stm32cube.ide.mcu.externaltools.gnu-tools-for-stm32.13.3.rel1.macos64_1.0.0.202411102158/tools/bin/../lib/gcc/arm-none-eabi/13.3.1/thumb/v7e-m+fp/hard/libgcc.a(_arm_addsubdf3.o)
 .ARM.attributes
                0x00000441       0x22 /Applications/STM32CubeIDE.app/Contents/Eclipse/plugins/com.st.stm32cube.ide.mcu.externaltools.gnu-tools-for-stm32.13.3.rel1.macos64_1.0.0.202411102158/tools/bin/../lib/gcc/arm-none-eabi/13.3.1/thumb/v7e-m+fp/hard/libgcc.a(_arm_cmpdf2.o)
 .ARM.attributes
                0x00000463       0x22 /Applications/STM32CubeIDE.app/Contents/Eclipse/plugins/com.st.stm32cube.ide.mcu.externaltools.gnu-tools-for-stm32.13.3.rel1.macos64_1.0.0.202411102158/tools/bin/../lib/gcc/arm-none-eabi/13.3.1/thumb/v7e-m+fp/hard/libgcc.a(_aeabi_uldivmod.o)
 .ARM.attributes
                0x00000485       0x34 /Applications/STM32CubeIDE.app/Contents/Eclipse/plugins/com.st.stm32cube.ide.mcu.externaltools.gnu-tools-for-stm32.13.3.rel1.macos64_1.0.0.202411102158/tools/bin/../lib/gcc/arm-none-eabi/13.3.1/thumb/v7e-m+fp/hard/libgcc.a(_udivmoddi4.o)
 .ARM.attributes
                0x000004b9       0x22 /Applications/STM32CubeIDE.app/Contents/Eclipse/plugins/com.st.stm32cube.ide.mcu.externaltools.gnu-tools-for-stm32.13.3.rel1.macos64_1.0.0.202411102158/tools/bin/../lib/gcc/arm-none-eabi/13.3.1/thumb/v7e-m+fp/hard/libgcc.a(_dvmd_tls.o)
 .ARM.attributes
                0x000004db       0x22 /Applications/STM32CubeIDE.app/Contents/Eclipse/plugins/com.st.stm32cube.ide.mcu.externaltools.gnu-tools-for-stm32.13.3.rel1.macos64_1.0.0.202411102158/tools/bin/../lib/gcc/arm-none-eabi/13.3.1/thumb/v7e-m+fp/hard/crtn.o
OUTPUT(Assignment 3A.elf elf32-littlearm)
LOAD linker stubs
LOAD /Applications/STM32CubeIDE.app/Contents/Eclipse/plugins/com.st.stm32cube.ide.mcu.externaltools.gnu-tools-for-stm32.13.3.rel1.macos64_1.0.0.202411102158/tools/bin/../lib/gcc/arm-none-eabi/13.3.1/../../../../arm-none-eabi/lib/thumb/v7e-m+fp/hard/libc.a
LOAD /Applications/STM32CubeIDE.app/Contents/Eclipse/plugins/com.st.stm32cube.ide.mcu.externaltools.gnu-tools-for-stm32.13.3.rel1.macos64_1.0.0.202411102158/tools/bin/../lib/gcc/arm-none-eabi/13.3.1/../../../../arm-none-eabi/lib/thumb/v7e-m+fp/hard/libm.a
LOAD /Applications/STM32CubeIDE.app/Contents/Eclipse/plugins/com.st.stm32cube.ide.mcu.externaltools.gnu-tools-for-stm32.13.3.rel1.macos64_1.0.0.202411102158/tools/bin/../lib/gcc/arm-none-eabi/13.3.1/thumb/v7e-m+fp/hard/libgcc.a

.debug_info     0x00000000     0xcf25
 .debug_info    0x00000000      0x165 ./Core/Src/controller.o
 .debug_info    0x00000165      0x1f9 ./Core/Src/encoders.o
 .debug_info    0x0000035e     0x147c ./Core/Src/main.o
 .debug_info    0x000017da      0x244 ./Core/Src/motors.o
 .debug_info    0x00001a1e      0x2ee ./Core/Src/pid.o
 .debug_info    0x00001d0c      0xfe1 ./Core/Src/stm32f4xx_hal_msp.o
 .debug_info    0x00002ced      0x71a ./Core/Src/stm32f4xx_it.o
 .debug_info    0x00003407      0x53e ./Core/Src/system_stm32f4xx.o
 .debug_info    0x00003945      0x233 ./Core/Src/systick.o
 .debug_info    0x00003b78       0x30 ./Core/Startup/startup_stm32f411retx.o
 .debug_info    0x00003ba8      0x8c4 ./Drivers/STM32F4xx_HAL_Driver/Src/stm32f4xx_hal.o
 .debug_info    0x0000446c      0xcfc ./Drivers/STM32F4xx_HAL_Driver/Src/stm32f4xx_hal_cortex.o
 .debug_info    0x00005168      0x6f9 ./Drivers/STM32F4xx_HAL_Driver/Src/stm32f4xx_hal_gpio.o
 .debug_info    0x00005861      0x904 ./Drivers/STM32F4xx_HAL_Driver/Src/stm32f4xx_hal_rcc.o
 .debug_info    0x00006165     0x2996 ./Drivers/STM32F4xx_HAL_Driver/Src/stm32f4xx_hal_tim.o
 .debug_info    0x00008afb     0x14d4 ./Drivers/STM32F4xx_HAL_Driver/Src/stm32f4xx_hal_tim_ex.o
 .debug_info    0x00009fcf     0x2f56 ./Drivers/STM32F4xx_HAL_Driver/Src/stm32f4xx_hal_uart.o

.debug_abbrev   0x00000000     0x1ee0
 .debug_abbrev  0x00000000       0xe3 ./Core/Src/controller.o
 .debug_abbrev  0x000000e3       0xb8 ./Core/Src/encoders.o
 .debug_abbrev  0x0000019b      0x2c3 ./Core/Src/main.o
 .debug_abbrev  0x0000045e       0xfa ./Core/Src/motors.o
 .debug_abbrev  0x00000558      0x135 ./Core/Src/pid.o
 .debug_abbrev  0x0000068d      0x21f ./Core/Src/stm32f4xx_hal_msp.o
 .debug_abbrev  0x000008ac      0x1bb ./Core/Src/stm32f4xx_it.o
 .debug_abbrev  0x00000a67      0x11a ./Core/Src/system_stm32f4xx.o
 .debug_abbrev  0x00000b81      0x10e ./Core/Src/systick.o
 .debug_abbrev  0x00000c8f       0x24 ./Core/Startup/startup_stm32f411retx.o
 .debug_abbrev  0x00000cb3      0x24b ./Drivers/STM32F4xx_HAL_Driver/Src/stm32f4xx_hal.o
 .debug_abbrev  0x00000efe      0x31d ./Drivers/STM32F4xx_HAL_Driver/Src/stm32f4xx_hal_cortex.o
 .debug_abbrev  0x0000121b      0x1d3 ./Drivers/STM32F4xx_HAL_Driver/Src/stm32f4xx_hal_gpio.o
 .debug_abbrev  0x000013ee      0x2b6 ./Drivers/STM32F4xx_HAL_Driver/Src/stm32f4xx_hal_rcc.o
 .debug_abbrev  0x000016a4      0x28b ./Drivers/STM32F4xx_HAL_Driver/Src/stm32f4xx_hal_tim.o
 .debug_abbrev  0x0000192f      0x296 ./Drivers/STM32F4xx_HAL_Driver/Src/stm32f4xx_hal_tim_ex.o
 .debug_abbrev  0x00001bc5      0x31b ./Drivers/STM32F4xx_HAL_Driver/Src/stm32f4xx_hal_uart.o

.debug_aranges  0x00000000      0xca8
 .debug_aranges
                0x00000000       0x28 ./Core/Src/controller.o
 .debug_aranges
                0x00000028       0x30 ./Core/Src/encoders.o
 .debug_aranges
                0x00000058       0x58 ./Core/Src/main.o
 .debug_aranges
                0x000000b0       0x38 ./Core/Src/motors.o
 .debug_aranges
                0x000000e8       0x48 ./Core/Src/pid.o
 .debug_aranges
                0x00000130       0x58 ./Core/Src/stm32f4xx_hal_msp.o
 .debug_aranges
                0x00000188       0x70 ./Core/Src/stm32f4xx_it.o
 .debug_aranges
                0x000001f8       0x28 ./Core/Src/system_stm32f4xx.o
 .debug_aranges
                0x00000220       0x20 ./Core/Src/systick.o
 .debug_aranges
                0x00000240       0x28 ./Core/Startup/startup_stm32f411retx.o
 .debug_aranges
                0x00000268       0xf0 ./Drivers/STM32F4xx_HAL_Driver/Src/stm32f4xx_hal.o
 .debug_aranges
                0x00000358      0x130 ./Drivers/STM32F4xx_HAL_Driver/Src/stm32f4xx_hal_cortex.o
 .debug_aranges
                0x00000488       0x58 ./Drivers/STM32F4xx_HAL_Driver/Src/stm32f4xx_hal_gpio.o
 .debug_aranges
                0x000004e0       0x88 ./Drivers/STM32F4xx_HAL_Driver/Src/stm32f4xx_hal_rcc.o
 .debug_aranges
                0x00000568      0x3d0 ./Drivers/STM32F4xx_HAL_Driver/Src/stm32f4xx_hal_tim.o
 .debug_aranges
                0x00000938      0x168 ./Drivers/STM32F4xx_HAL_Driver/Src/stm32f4xx_hal_tim_ex.o
 .debug_aranges
                0x00000aa0      0x208 ./Drivers/STM32F4xx_HAL_Driver/Src/stm32f4xx_hal_uart.o

.debug_rnglists
                0x00000000      0x9d6
 .debug_rnglists
                0x00000000       0x19 ./Core/Src/controller.o
 .debug_rnglists
                0x00000019       0x1f ./Core/Src/encoders.o
 .debug_rnglists
                0x00000038       0x43 ./Core/Src/main.o
 .debug_rnglists
                0x0000007b       0x25 ./Core/Src/motors.o
 .debug_rnglists
                0x000000a0       0x32 ./Core/Src/pid.o
 .debug_rnglists
                0x000000d2       0x3f ./Core/Src/stm32f4xx_hal_msp.o
 .debug_rnglists
                0x00000111       0x4f ./Core/Src/stm32f4xx_it.o
 .debug_rnglists
                0x00000160       0x1a ./Core/Src/system_stm32f4xx.o
 .debug_rnglists
                0x0000017a       0x14 ./Core/Src/systick.o
 .debug_rnglists
                0x0000018e       0x19 ./Core/Startup/startup_stm32f411retx.o
 .debug_rnglists
                0x000001a7       0xaf ./Drivers/STM32F4xx_HAL_Driver/Src/stm32f4xx_hal.o
 .debug_rnglists
                0x00000256       0xe0 ./Drivers/STM32F4xx_HAL_Driver/Src/stm32f4xx_hal_cortex.o
 .debug_rnglists
                0x00000336       0x3f ./Drivers/STM32F4xx_HAL_Driver/Src/stm32f4xx_hal_gpio.o
 .debug_rnglists
                0x00000375       0x66 ./Drivers/STM32F4xx_HAL_Driver/Src/stm32f4xx_hal_rcc.o
 .debug_rnglists
                0x000003db      0x31a ./Drivers/STM32F4xx_HAL_Driver/Src/stm32f4xx_hal_tim.o
 .debug_rnglists
                0x000006f5      0x125 ./Drivers/STM32F4xx_HAL_Driver/Src/stm32f4xx_hal_tim_ex.o
 .debug_rnglists
                0x0000081a      0x1bc ./Drivers/STM32F4xx_HAL_Driver/Src/stm32f4xx_hal_uart.o

.debug_macro    0x00000000    0x16b1c
 .debug_macro   0x00000000      0x1f5 ./Core/Src/controller.o
 .debug_macro   0x000001f5      0xad8 ./Core/Src/controller.o
 .debug_macro   0x00000ccd      0x29b ./Core/Src/controller.o
 .debug_macro   0x00000f68       0x2e ./Core/Src/controller.o
 .debug_macro   0x00000f96       0x28 ./Core/Src/controller.o
 .debug_macro   0x00000fbe       0x22 ./Core/Src/controller.o
 .debug_macro   0x00000fe0       0x8e ./Core/Src/controller.o
 .debug_macro   0x0000106e       0x51 ./Core/Src/controller.o
 .debug_macro   0x000010bf      0x103 ./Core/Src/controller.o
 .debug_macro   0x000011c2       0x6a ./Core/Src/controller.o
 .debug_macro   0x0000122c      0x1df ./Core/Src/controller.o
 .debug_macro   0x0000140b       0x1c ./Core/Src/controller.o
 .debug_macro   0x00001427       0x22 ./Core/Src/controller.o
 .debug_macro   0x00001449       0xfb ./Core/Src/controller.o
 .debug_macro   0x00001544     0x1011 ./Core/Src/controller.o
 .debug_macro   0x00002555      0x11f ./Core/Src/controller.o
 .debug_macro   0x00002674     0xb968 ./Core/Src/controller.o
 .debug_macro   0x0000dfdc       0x6d ./Core/Src/controller.o
 .debug_macro   0x0000e049     0x3693 ./Core/Src/controller.o
 .debug_macro   0x000116dc      0x190 ./Core/Src/controller.o
 .debug_macro   0x0001186c       0x5c ./Core/Src/controller.o
 .debug_macro   0x000118c8      0x45c ./Core/Src/controller.o
 .debug_macro   0x00011d24      0x9e9 ./Core/Src/controller.o
 .debug_macro   0x0001270d      0x115 ./Core/Src/controller.o
 .debug_macro   0x00012822      0x11b ./Core/Src/controller.o
 .debug_macro   0x0001293d       0xa5 ./Core/Src/controller.o
 .debug_macro   0x000129e2      0x15f ./Core/Src/controller.o
 .debug_macro   0x00012b41      0x287 ./Core/Src/controller.o
 .debug_macro   0x00012dc8       0x5f ./Core/Src/controller.o
 .debug_macro   0x00012e27      0x236 ./Core/Src/controller.o
 .debug_macro   0x0001305d      0x132 ./Core/Src/controller.o
 .debug_macro   0x0001318f      0x264 ./Core/Src/controller.o
 .debug_macro   0x000133f3       0x2e ./Core/Src/controller.o
 .debug_macro   0x00013421      0x127 ./Core/Src/controller.o
 .debug_macro   0x00013548       0x85 ./Core/Src/controller.o
 .debug_macro   0x000135cd       0x89 ./Core/Src/controller.o
 .debug_macro   0x00013656      0x8ed ./Core/Src/controller.o
 .debug_macro   0x00013f43       0x47 ./Core/Src/controller.o
 .debug_macro   0x00013f8a      0x2aa ./Core/Src/controller.o
 .debug_macro   0x00014234      0x126 ./Core/Src/controller.o
 .debug_macro   0x0001435a       0x8e ./Core/Src/controller.o
 .debug_macro   0x000143e8      0x1e7 ./Core/Src/encoders.o
 .debug_macro   0x000145cf      0x2d4 ./Core/Src/main.o
 .debug_macro   0x000148a3       0x2a ./Core/Src/main.o
 .debug_macro   0x000148cd       0x61 ./Core/Src/main.o
 .debug_macro   0x0001492e       0x43 ./Core/Src/main.o
 .debug_macro   0x00014971       0x34 ./Core/Src/main.o
 .debug_macro   0x000149a5       0x16 ./Core/Src/main.o
 .debug_macro   0x000149bb       0x3c ./Core/Src/main.o
 .debug_macro   0x000149f7      0x370 ./Core/Src/main.o
 .debug_macro   0x00014d67       0x16 ./Core/Src/main.o
 .debug_macro   0x00014d7d       0x4a ./Core/Src/main.o
 .debug_macro   0x00014dc7       0x34 ./Core/Src/main.o
 .debug_macro   0x00014dfb       0x10 ./Core/Src/main.o
 .debug_macro   0x00014e0b       0x58 ./Core/Src/main.o
 .debug_macro   0x00014e63       0x8e ./Core/Src/main.o
 .debug_macro   0x00014ef1       0x1c ./Core/Src/main.o
 .debug_macro   0x00014f0d      0x185 ./Core/Src/main.o
 .debug_macro   0x00015092       0x16 ./Core/Src/main.o
 .debug_macro   0x000150a8       0x29 ./Core/Src/main.o
 .debug_macro   0x000150d1       0x16 ./Core/Src/main.o
 .debug_macro   0x000150e7      0x2b2 ./Core/Src/motors.o
 .debug_macro   0x00015399      0x2c0 ./Core/Src/pid.o
 .debug_macro   0x00015659      0x1dd ./Core/Src/stm32f4xx_hal_msp.o
 .debug_macro   0x00015836      0x1f5 ./Core/Src/stm32f4xx_it.o
 .debug_macro   0x00015a2b      0x1ce ./Core/Src/system_stm32f4xx.o
 .debug_macro   0x00015bf9      0x1f5 ./Core/Src/systick.o
 .debug_macro   0x00015dee      0x22e ./Drivers/STM32F4xx_HAL_Driver/Src/stm32f4xx_hal.o
 .debug_macro   0x0001601c      0x1ce ./Drivers/STM32F4xx_HAL_Driver/Src/stm32f4xx_hal_cortex.o
 .debug_macro   0x000161ea      0x1d4 ./Drivers/STM32F4xx_HAL_Driver/Src/stm32f4xx_hal_gpio.o
 .debug_macro   0x000163be      0x1f2 ./Drivers/STM32F4xx_HAL_Driver/Src/stm32f4xx_hal_rcc.o
 .debug_macro   0x000165b0      0x1cf ./Drivers/STM32F4xx_HAL_Driver/Src/stm32f4xx_hal_tim.o
 .debug_macro   0x0001677f      0x1ce ./Drivers/STM32F4xx_HAL_Driver/Src/stm32f4xx_hal_tim_ex.o
 .debug_macro   0x0001694d      0x1cf ./Drivers/STM32F4xx_HAL_Driver/Src/stm32f4xx_hal_uart.o

.debug_line     0x00000000     0xeccc
 .debug_line    0x00000000      0x72d ./Core/Src/controller.o
 .debug_line    0x0000072d      0x722 ./Core/Src/encoders.o
 .debug_line    0x00000e4f      0xad6 ./Core/Src/main.o
 .debug_line    0x00001925      0x938 ./Core/Src/motors.o
 .debug_line    0x0000225d      0x963 ./Core/Src/pid.o
 .debug_line    0x00002bc0      0x813 ./Core/Src/stm32f4xx_hal_msp.o
 .debug_line    0x000033d3      0x7c8 ./Core/Src/stm32f4xx_it.o
 .debug_line    0x00003b9b      0x751 ./Core/Src/system_stm32f4xx.o
 .debug_line    0x000042ec      0x74e ./Core/Src/systick.o
 .debug_line    0x00004a3a       0x7a ./Core/Startup/startup_stm32f411retx.o
 .debug_line    0x00004ab4      0x9cd ./Drivers/STM32F4xx_HAL_Driver/Src/stm32f4xx_hal.o
 .debug_line    0x00005481      0xc9d ./Drivers/STM32F4xx_HAL_Driver/Src/stm32f4xx_hal_cortex.o
 .debug_line    0x0000611e      0xae9 ./Drivers/STM32F4xx_HAL_Driver/Src/stm32f4xx_hal_gpio.o
 .debug_line    0x00006c07      0xddc ./Drivers/STM32F4xx_HAL_Driver/Src/stm32f4xx_hal_rcc.o
 .debug_line    0x000079e3     0x350c ./Drivers/STM32F4xx_HAL_Driver/Src/stm32f4xx_hal_tim.o
 .debug_line    0x0000aeef     0x18c8 ./Drivers/STM32F4xx_HAL_Driver/Src/stm32f4xx_hal_tim_ex.o
 .debug_line    0x0000c7b7     0x2515 ./Drivers/STM32F4xx_HAL_Driver/Src/stm32f4xx_hal_uart.o

.debug_str      0x00000000    0x8dcbc
 .debug_str     0x00000000    0x8dcbc ./Core/Src/controller.o
                              0x872ee (size before relaxing)
 .debug_str     0x0008dcbc    0x872f2 ./Core/Src/encoders.o
 .debug_str     0x0008dcbc    0x8b65e ./Core/Src/main.o
 .debug_str     0x0008dcbc    0x8a565 ./Core/Src/motors.o
 .debug_str     0x0008dcbc    0x8a662 ./Core/Src/pid.o
 .debug_str     0x0008dcbc    0x87ff3 ./Core/Src/stm32f4xx_hal_msp.o
 .debug_str     0x0008dcbc    0x878af ./Core/Src/stm32f4xx_it.o
 .debug_str     0x0008dcbc    0x871e8 ./Core/Src/system_stm32f4xx.o
 .debug_str     0x0008dcbc    0x8732b ./Core/Src/systick.o
 .debug_str     0x0008dcbc       0x8a ./Core/Startup/startup_stm32f411retx.o
 .debug_str     0x0008dcbc    0x87c14 ./Drivers/STM32F4xx_HAL_Driver/Src/stm32f4xx_hal.o
 .debug_str     0x0008dcbc    0x8797e ./Drivers/STM32F4xx_HAL_Driver/Src/stm32f4xx_hal_cortex.o
 .debug_str     0x0008dcbc    0x87363 ./Drivers/STM32F4xx_HAL_Driver/Src/stm32f4xx_hal_gpio.o
 .debug_str     0x0008dcbc    0x8761c ./Drivers/STM32F4xx_HAL_Driver/Src/stm32f4xx_hal_rcc.o
 .debug_str     0x0008dcbc    0x88560 ./Drivers/STM32F4xx_HAL_Driver/Src/stm32f4xx_hal_tim.o
 .debug_str     0x0008dcbc    0x87d6c ./Drivers/STM32F4xx_HAL_Driver/Src/stm32f4xx_hal_tim_ex.o
 .debug_str     0x0008dcbc    0x87beb ./Drivers/STM32F4xx_HAL_Driver/Src/stm32f4xx_hal_uart.o

.comment        0x00000000       0x43
 .comment       0x00000000       0x43 ./Core/Src/controller.o
                                 0x44 (size before relaxing)
 .comment       0x00000043       0x44 ./Core/Src/encoders.o
 .comment       0x00000043       0x44 ./Core/Src/main.o
 .comment       0x00000043       0x44 ./Core/Src/motors.o
 .comment       0x00000043       0x44 ./Core/Src/pid.o
 .comment       0x00000043       0x44 ./Core/Src/stm32f4xx_hal_msp.o
 .comment       0x00000043       0x44 ./Core/Src/stm32f4xx_it.o
 .comment       0x00000043       0x44 ./Core/Src/system_stm32f4xx.o
 .comment       0x00000043       0x44 ./Core/Src/systick.o
 .comment       0x00000043       0x44 ./Drivers/STM32F4xx_HAL_Driver/Src/stm32f4xx_hal.o
 .comment       0x00000043       0x44 ./Drivers/STM32F4xx_HAL_Driver/Src/stm32f4xx_hal_cortex.o
 .comment       0x00000043       0x44 ./Drivers/STM32F4xx_HAL_Driver/Src/stm32f4xx_hal_gpio.o
 .comment       0x00000043       0x44 ./Drivers/STM32F4xx_HAL_Driver/Src/stm32f4xx_hal_rcc.o
 .comment       0x00000043       0x44 ./Drivers/STM32F4xx_HAL_Driver/Src/stm32f4xx_hal_tim.o
 .comment       0x00000043       0x44 ./Drivers/STM32F4xx_HAL_Driver/Src/stm32f4xx_hal_tim_ex.o
 .comment       0x00000043       0x44 ./Drivers/STM32F4xx_HAL_Driver/Src/stm32f4xx_hal_uart.o

.debug_frame    0x00000000     0x3568
 .debug_frame   0x00000000       0x58 ./Core/Src/controller.o
 .debug_frame   0x00000058       0x70 ./Core/Src/encoders.o
 .debug_frame   0x000000c8      0x114 ./Core/Src/main.o
 .debug_frame   0x000001dc       0x9c ./Core/Src/motors.o
 .debug_frame   0x00000278       0xd8 ./Core/Src/pid.o
 .debug_frame   0x00000350      0x130 ./Core/Src/stm32f4xx_hal_msp.o
 .debug_frame   0x00000480      0x13c ./Core/Src/stm32f4xx_it.o
 .debug_frame   0x000005bc       0x58 ./Core/Src/system_stm32f4xx.o
 .debug_frame   0x00000614       0x38 ./Core/Src/systick.o
 .debug_frame   0x0000064c      0x374 ./Drivers/STM32F4xx_HAL_Driver/Src/stm32f4xx_hal.o
 .debug_frame   0x000009c0      0x508 ./Drivers/STM32F4xx_HAL_Driver/Src/stm32f4xx_hal_cortex.o
 .debug_frame   0x00000ec8      0x14c ./Drivers/STM32F4xx_HAL_Driver/Src/stm32f4xx_hal_gpio.o
 .debug_frame   0x00001014      0x1f4 ./Drivers/STM32F4xx_HAL_Driver/Src/stm32f4xx_hal_rcc.o
 .debug_frame   0x00001208     0x11b8 ./Drivers/STM32F4xx_HAL_Driver/Src/stm32f4xx_hal_tim.o
 .debug_frame   0x000023c0      0x638 ./Drivers/STM32F4xx_HAL_Driver/Src/stm32f4xx_hal_tim_ex.o
 .debug_frame   0x000029f8      0x954 ./Drivers/STM32F4xx_HAL_Driver/Src/stm32f4xx_hal_uart.o
 .debug_frame   0x0000334c       0x20 /Applications/STM32CubeIDE.app/Contents/Eclipse/plugins/com.st.stm32cube.ide.mcu.externaltools.gnu-tools-for-stm32.13.3.rel1.macos64_1.0.0.202411102158/tools/bin/../lib/gcc/arm-none-eabi/13.3.1/../../../../arm-none-eabi/lib/thumb/v7e-m+fp/hard/libc_nano.a(libc_a-memset.o)
 .debug_frame   0x0000336c       0x2c /Applications/STM32CubeIDE.app/Contents/Eclipse/plugins/com.st.stm32cube.ide.mcu.externaltools.gnu-tools-for-stm32.13.3.rel1.macos64_1.0.0.202411102158/tools/bin/../lib/gcc/arm-none-eabi/13.3.1/../../../../arm-none-eabi/lib/thumb/v7e-m+fp/hard/libc_nano.a(libc_a-init.o)
 .debug_frame   0x00003398       0xac /Applications/STM32CubeIDE.app/Contents/Eclipse/plugins/com.st.stm32cube.ide.mcu.externaltools.gnu-tools-for-stm32.13.3.rel1.macos64_1.0.0.202411102158/tools/bin/../lib/gcc/arm-none-eabi/13.3.1/thumb/v7e-m+fp/hard/libgcc.a(_arm_addsubdf3.o)
 .debug_frame   0x00003444       0xc4 /Applications/STM32CubeIDE.app/Contents/Eclipse/plugins/com.st.stm32cube.ide.mcu.externaltools.gnu-tools-for-stm32.13.3.rel1.macos64_1.0.0.202411102158/tools/bin/../lib/gcc/arm-none-eabi/13.3.1/thumb/v7e-m+fp/hard/libgcc.a(_arm_cmpdf2.o)
 .debug_frame   0x00003508       0x2c /Applications/STM32CubeIDE.app/Contents/Eclipse/plugins/com.st.stm32cube.ide.mcu.externaltools.gnu-tools-for-stm32.13.3.rel1.macos64_1.0.0.202411102158/tools/bin/../lib/gcc/arm-none-eabi/13.3.1/thumb/v7e-m+fp/hard/libgcc.a(_aeabi_uldivmod.o)
 .debug_frame   0x00003534       0x34 /Applications/STM32CubeIDE.app/Contents/Eclipse/plugins/com.st.stm32cube.ide.mcu.externaltools.gnu-tools-for-stm32.13.3.rel1.macos64_1.0.0.202411102158/tools/bin/../lib/gcc/arm-none-eabi/13.3.1/thumb/v7e-m+fp/hard/libgcc.a(_udivmoddi4.o)

.debug_line_str
                0x00000000       0x6e
 .debug_line_str
                0x00000000       0x6e ./Core/Startup/startup_stm32f411retx.o
